24063-590081-65537-22529-406851585121634815-1-1-1-196609-1-1-524289-58982598303-1
