-76890-7689-140052714622902201-10267229890-7689-140052714622902201-1026722989-7689
